// Jest Snapshot v1, https://goo.gl/fbAQLP

exports[`should match snapshot 1`] = `
<DocumentFragment>
  <div>
    <form>
      <label
        for="todo"
      >
        New Todo
      </label>
      <input
        id="todo"
        name="todo"
        placeholder="Enter New Todo"
        type="text"
        value=""
      />
      <button>
        Submit
      </button>
    </form>
  </div>
</DocumentFragment>
`;
